SurvivalMartingale.lean:50:0: warning: automatically included section variable(s) unused in theorem 'RepeatedEvidenceProbability.survival_integrable':
  [Preorder ι]
consider restructuring your `variable` declarations so that the variables are not in scope or explicitly omit them:
  omit [Preorder ι] in theorem ...
note: this linter can be disabled with `set_option linter.unusedSectionVars false`
SurvivalMartingale.lean:54:0: warning: automatically included section variable(s) unused in theorem 'RepeatedEvidenceProbability.survival_setIntegral':
  [Preorder ι]
consider restructuring your `variable` declarations so that the variables are not in scope or explicitly omit them:
  omit [Preorder ι] in theorem ...
note: this linter can be disabled with `set_option linter.unusedSectionVars false`
SurvivalMartingale.lean:98:0: warning: automatically included section variable(s) unused in theorem 'RepeatedEvidenceProbability.survival_nonnegative':
  [Preorder ι]
consider restructuring your `variable` declarations so that the variables are not in scope or explicitly omit them:
  omit [Preorder ι] in theorem ...
note: this linter can be disabled with `set_option linter.unusedSectionVars false`
SurvivalMartingale.lean:102:0: warning: automatically included section variable(s) unused in theorem 'RepeatedEvidenceProbability.survival_mean_one':
  [Preorder ι]
consider restructuring your `variable` declarations so that the variables are not in scope or explicitly omit them:
  omit [Preorder ι] in theorem ...
note: this linter can be disabled with `set_option linter.unusedSectionVars false`
