Fusion/LaminarComplete.lean:12:0: warning: automatically included section variable(s) unused in theorem 'FusionLaminar.completed_root':
  [Nonempty ι]
consider restructuring your `variable` declarations so that the variables are not in scope or explicitly omit them:
  omit [Nonempty ι] in theorem ...
note: this linter can be disabled with `set_option linter.unusedSectionVars false`
Fusion/LaminarComplete.lean:16:0: warning: automatically included section variable(s) unused in theorem 'FusionLaminar.completed_singleton':
  [Nonempty ι]
consider restructuring your `variable` declarations so that the variables are not in scope or explicitly omit them:
  omit [Nonempty ι] in theorem ...
note: this linter can be disabled with `set_option linter.unusedSectionVars false`
Fusion/LaminarComplete.lean:20:0: warning: automatically included section variable(s) unused in theorem 'FusionLaminar.completed_original':
  [Nonempty ι]
consider restructuring your `variable` declarations so that the variables are not in scope or explicitly omit them:
  omit [Nonempty ι] in theorem ...
note: this linter can be disabled with `set_option linter.unusedSectionVars false`
Fusion/LaminarComplete.lean:36:0: warning: automatically included section variable(s) unused in theorem 'FusionLaminar.singleton_laminar':
  [Fintype ι]
  [Nonempty ι]
consider restructuring your `variable` declarations so that the variables are not in scope or explicitly omit them:
  omit [Fintype ι] [Nonempty ι] in theorem ...
note: this linter can be disabled with `set_option linter.unusedSectionVars false`
