Fusion/DisjointReviewSets.lean:12:0: warning: automatically included section variable(s) unused in theorem 'FusionDisjoint.initial_good':
  [Fintype G]
  [Fintype I]
  [DecidableEq G]
  [DecidableEq I]
consider restructuring your `variable` declarations so that the variables are not in scope or explicitly omit them:
  omit [Fintype G] [Fintype I] [DecidableEq G] [DecidableEq I] in theorem ...
note: this linter can be disabled with `set_option linter.unusedSectionVars false`
Fusion/DisjointReviewSets.lean:25:0: warning: automatically included section variable(s) unused in theorem 'FusionDisjoint.remaining_subset':
  [Fintype G]
  [Fintype I]
consider restructuring your `variable` declarations so that the variables are not in scope or explicitly omit them:
  omit [Fintype G] [Fintype I] in theorem ...
note: this linter can be disabled with `set_option linter.unusedSectionVars false`
Fusion/DisjointReviewSets.lean:53:0: warning: automatically included section variable(s) unused in theorem 'FusionDisjoint.allowed_nonempty':
  [Fintype I]
consider restructuring your `variable` declarations so that the variables are not in scope or explicitly omit them:
  omit [Fintype I] in theorem ...
note: this linter can be disabled with `set_option linter.unusedSectionVars false`
Fusion/DisjointReviewSets.lean:97:0: warning: automatically included section variable(s) unused in theorem 'FusionDisjoint.threshold_formula':
  [Fintype G]
  [Fintype I]
consider restructuring your `variable` declarations so that the variables are not in scope or explicitly omit them:
  omit [Fintype G] [Fintype I] in theorem ...
note: this linter can be disabled with `set_option linter.unusedSectionVars false`
