'RepeatedEvidenceCore.parityWeight_closed' depends on axioms: [propext, Quot.sound]
'RepeatedEvidenceCore.overlap_count_formula' depends on axioms: [propext, Quot.sound]
'RepeatedEvidenceCore.overlap_parities_equal' depends on axioms: [propext, Quot.sound]
'RepeatedEvidenceCore.parity_union_size' depends on axioms: [propext, Quot.sound]
'RepeatedEvidenceCore.four_study_counts' depends on axioms: [propext]
'RepeatedEvidenceCore.four_study_full_counts' depends on axioms: [propext]
'RepeatedEvidenceCore.four_study_maximum_reads' depends on axioms: [propext]
'RepeatedEvidenceCore.four_study_nine_active_sources' depends on axioms: [propext]
'OverlapReconstruction.invert_zeta' depends on axioms: [propext, Quot.sound]
'OverlapReconstruction.invert_zero' depends on axioms: [propext]
'OverlapReconstruction.invert_sub' depends on axioms: [propext, Quot.sound]
'OverlapReconstruction.single_missing_intersection' depends on axioms: [propext, Quot.sound]
'OverlapReconstruction.zeta_injective' depends on axioms: [propext, Quot.sound]
'OverlapReconstruction.proper_intersections_reconstruct' depends on axioms: [propext, Classical.choice, Quot.sound]
'ParityIncidence.degree_le' depends on axioms: [propext, Quot.sound]
'ParityIncidence.toggle_not' depends on axioms: [propext]
'ParityIncidence.zeta_add' depends on axioms: [propext, Quot.sound]
'ParityIncidence.intersection_is_parityWeight' depends on axioms: [propext, Quot.sound]
'ParityIncidence.all_intersection_counts' depends on axioms: [propext, Quot.sound]
'ParityIncidence.parity_systems_match' depends on axioms: [propext, Quot.sound]
'ParityIncidence.multiplicity_nonnegative' depends on axioms: [propext]
'ParityIncidence.no_unused_sources' depends on axioms: [propext]
'ParityIncidence.full_multiplicity' depends on axioms: [propext, Quot.sound]
'ParityIncidence.degree_full' depends on axioms: [propext]
'ParityIncidence.degree_eq_full' depends on axioms: [propext, Classical.choice, Quot.sound]
'ParityIncidence.opposite_parity_max_read' depends on axioms: [propext, Classical.choice, Quot.sound]
'ParityIncidence.zeta_full' does not depend on any axioms
'ParityIncidence.degree_empty' depends on axioms: [propext]
'ParityIncidence.union_count' depends on axioms: [propext, Quot.sound]
'ParityIncidence.full_intersections' depends on axioms: [propext, Quot.sound]
'ParityIncidence.opposite_max_attained' depends on axioms: [propext, Quot.sound]
'ParityIncidence.zeta_allIncluded' depends on axioms: [propext, Quot.sound]
'ParityIncidence.zeta_oneMissing' depends on axioms: [propext, Quot.sound]
'ParityIncidence.allIncluded_eq_one' depends on axioms: [propext]
'ParityIncidence.oneMissing_binary' does not depend on any axioms
'ParityIncidence.oneMissing_multiplicity' depends on axioms: [propext, Quot.sound]
'ParityIncidence.zeta_scale' depends on axioms: [propext, Quot.sound]
'ParityIncidence.balancing_source_count' depends on axioms: [propext, Quot.sound]
'ParityIncidence.oneMissing_degree' depends on axioms: [propext, Quot.sound]
'ParityIncidence.actual_balancing_source_count' depends on axioms: [propext, Quot.sound]
'ParityIncidence.singleton_balancing_count' depends on axioms: [propext, Quot.sound]
